tests/storage.test.ts(14,44): error TS2554: Expected 0 arguments, but got 1.
