app/admin/dashboard/layout.tsx(1,13): error TS1002: Unterminated string literal.
